Case 1: equivalent solutions
Case 2: inconsistent solutions
Case 3: no solution
Case 4: inconsistent solutions
Case 5: equivalent solutions
Case 6: inconsistent solutions
Case 7: inconsistent solutions
Case 8: inconsistent solutions
Case 9: equivalent solutions
Case 10: inconsistent solutions
Case 11: no solution
Case 12: equivalent solutions
Case 13: inconsistent solutions
Case 14: equivalent solutions
Case 15: inconsistent solutions
Case 16: inconsistent solutions
Case 17: no solution
Case 18: equivalent solutions
Case 19: inconsistent solutions
Case 20: equivalent solutions
Case 21: equivalent solutions
Case 22: inconsistent solutions
Case 23: no solution
Case 24: equivalent solutions
Case 25: equivalent solutions
Case 26: inconsistent solutions
Case 27: equivalent solutions
Case 28: inconsistent solutions
Case 29: no solution
Case 30: equivalent solutions
Case 31: equivalent solutions
Case 32: inconsistent solutions
Case 33: equivalent solutions
Case 34: inconsistent solutions
Case 35: no solution
Case 36: equivalent solutions
Case 37: equivalent solutions
Case 38: equivalent solutions
Case 39: equivalent solutions
Case 40: inconsistent solutions
Case 41: no solution
Case 42: inconsistent solutions
Case 43: inconsistent solutions
Case 44: equivalent solutions
Case 45: equivalent solutions
Case 46: inconsistent solutions
Case 47: no solution
Case 48: inconsistent solutions
Case 49: equivalent solutions
Case 50: equivalent solutions
Case 51: equivalent solutions
Case 52: inconsistent solutions
Case 53: no solution
Case 54: no solution
Case 55: no solution
Case 56: inconsistent solutions
Case 57: inconsistent solutions
Case 58: inconsistent solutions
Case 59: no solution
Case 60: equivalent solutions
Case 61: no solution
Case 62: inconsistent solutions
Case 63: equivalent solutions
Case 64: inconsistent solutions
Case 65: no solution
Case 66: equivalent solutions
Case 67: no solution
Case 68: inconsistent solutions
Case 69: equivalent solutions
Case 70: inconsistent solutions
Case 71: no solution
Case 72: no solution
Case 73: no solution
Case 74: equivalent solutions
Case 75: equivalent solutions
Case 76: inconsistent solutions
Case 77: no solution
Case 78: no solution
Case 79: inconsistent solutions
Case 80: equivalent solutions
Case 81: no solution
Case 82: equivalent solutions
Case 83: equivalent solutions
Case 84: equivalent solutions
Case 85: equivalent solutions
Case 86: equivalent solutions
Case 87: inconsistent solutions
Case 88: inconsistent solutions
Case 89: inconsistent solutions
Case 90: inconsistent solutions
Case 91: no solution
Case 92: no solution
Case 93: no solution
Case 94: no solution
Case 95: no solution
Case 96: inconsistent solutions
Case 97: inconsistent solutions
Case 98: inconsistent solutions
Case 99: inconsistent solutions
Case 100: inconsistent solutions
Case 101: inconsistent solutions
Case 102: equivalent solutions
Case 103: equivalent solutions
Case 104: equivalent solutions
Case 105: equivalent solutions
Case 106: equivalent solutions
Case 107: equivalent solutions
Case 108: equivalent solutions
Case 109: equivalent solutions
Case 110: no solution
Case 111: equivalent solutions
Case 112: no solution
Case 113: equivalent solutions
Case 114: equivalent solutions
Case 115: no solution
Case 116: inconsistent solutions
Case 117: inconsistent solutions
Case 118: inconsistent solutions
Case 119: no solution
Case 120: equivalent solutions
Case 121: equivalent solutions
Case 122: equivalent solutions
Case 123: equivalent solutions
Case 124: equivalent solutions
Case 125: equivalent solutions
Case 126: inconsistent solutions
Case 127: inconsistent solutions
Case 128: inconsistent solutions
Case 129: inconsistent solutions
Case 130: inconsistent solutions
Case 131: equivalent solutions
Case 132: no solution
Case 133: no solution
Case 134: inconsistent solutions
Case 135: inconsistent solutions
Case 136: inconsistent solutions
Case 137: inconsistent solutions
Case 138: equivalent solutions
Case 139: equivalent solutions
Case 140: equivalent solutions
Case 141: equivalent solutions
Case 142: equivalent solutions
Case 143: equivalent solutions
Case 144: equivalent solutions
Case 145: equivalent solutions
Case 146: equivalent solutions
Case 147: equivalent solutions
Case 148: equivalent solutions
Case 149: equivalent solutions
Case 150: equivalent solutions
Case 151: equivalent solutions
Case 152: equivalent solutions
Case 153: equivalent solutions
Case 154: equivalent solutions
Case 155: equivalent solutions
Case 156: equivalent solutions
Case 157: equivalent solutions
Case 158: equivalent solutions
Case 159: inconsistent solutions
Case 160: inconsistent solutions
Case 161: inconsistent solutions
Case 162: inconsistent solutions
Case 163: inconsistent solutions
Case 164: inconsistent solutions
Case 165: inconsistent solutions
Case 166: inconsistent solutions
Case 167: no solution
Case 168: equivalent solutions
Case 169: inconsistent solutions
Case 170: inconsistent solutions
Case 171: inconsistent solutions
Case 172: equivalent solutions
Case 173: inconsistent solutions
Case 174: equivalent solutions
Case 175: inconsistent solutions
Case 176: equivalent solutions
Case 177: inconsistent solutions
Case 178: inconsistent solutions
Case 179: no solution
