Case 1: AKW
Case 2: AAAAA
Case 3: W
Case 4: JKW
Case 5: AADDJJKSSWW
Case 6: DJJKKS
Case 7: AAAAAAAAAAKKKKKKWWWWWWWWWW
Case 8: S
Case 9: ADS
Case 10: J
Case 11: D
Case 12: K
Case 13: AADDJJJKKSSSWWW
Case 14: AAAAADDDDDDJJJKKKSSSSWWWWWWW
Case 15: K
Case 16: K
Case 17: A
Case 18: D
Case 19: S
Case 20: W
Case 21: J
Case 22: K
Case 23: A
Case 24: D
Case 25: S
Case 26: J
Case 27: W
Case 28: W
Case 29: K
Case 30: J
Case 31: ADDDDDD
Case 32: SSSSSSSSSSSSSSS
